Copyright 1986-2022 Xilinx, Inc. All Rights Reserved. Copyright 2022-2024 Advanced Micro Devices, Inc. All Rights Reserved.
---------------------------------------------------------------------------------------------------------------------------------------------------------------------------
| Tool Version : Vivado v.2024.2 (lin64) Build 5239630 Fri Nov 08 22:34:34 MST 2024
| Date         : Thu Feb 20 00:26:25 2025
| Host         : noname running 64-bit Ubuntu 22.04.4 LTS
| Command      : report_bus_skew -warn_on_violation -file blinky_wrapper_bus_skew_routed.rpt -pb blinky_wrapper_bus_skew_routed.pb -rpx blinky_wrapper_bus_skew_routed.rpx
| Design       : blinky_wrapper
| Device       : 7z010-clg400
| Speed File   : -1  PRODUCTION 1.12 2019-11-22
| Design State : Routed
---------------------------------------------------------------------------------------------------------------------------------------------------------------------------

Bus Skew Report

No bus skew constraints

